---
source: crates/rowan/tests/upstream.rs
expression: "format!(\"{:#?}\", parse.into_syntax())"

---
FILE@0..324
  STMT@0..52
    ITEM@0..51
      EXPR@0..51
        EXPR_LET@0..51
          KW_LET@0..3 "let"
          WHITESPACE@3..4 " "
          IDENT@4..7 "arr"
          WHITESPACE@7..8 " "
          OP_ASSIGN@8..9 "="
          EXPR@9..51
            WHITESPACE@9..10 " "
            EXPR_ARRAY@10..51
              PUNCT_BRACKET_START@10..11 "["
              EXPR@11..13
                EXPR_LIT@11..13
                  LIT@11..13
                    LIT_INT@11..13 "42"
              PUNCT_COMMA@13..14 ","
              WHITESPACE@14..15 " "
              EXPR@15..22
                EXPR_LIT@15..22
                  LIT@15..22
                    LIT_FLOAT@15..22 "123.456"
              PUNCT_COMMA@22..23 ","
              WHITESPACE@23..24 " "
              EXPR@24..31
                EXPR_LIT@24..31
                  LIT@24..31
                    LIT_STR@24..31 "\"hello\""
              PUNCT_COMMA@31..32 ","
              WHITESPACE@32..33 " "
              EXPR@33..37
                EXPR_LIT@33..37
                  LIT@33..37
                    LIT_BOOL@33..37 "true"
              PUNCT_COMMA@37..38 ","
              WHITESPACE@38..39 " "
              EXPR@39..42
                EXPR_LIT@39..42
                  LIT@39..42
                    LIT_CHAR@39..42 "'x'"
              PUNCT_COMMA@42..43 ","
              WHITESPACE@43..44 " "
              EXPR@44..47
                EXPR_LIT@44..47
                  LIT@44..47
                    LIT_INT@44..47 "999"
              PUNCT_COMMA@47..48 ","
              WHITESPACE@48..49 " "
              EXPR@49..50
                EXPR_LIT@49..50
                  LIT@49..50
                    LIT_INT@49..50 "1"
              PUNCT_BRACKET_END@50..51 "]"
    PUNCT_SEMI@51..52 ";"
  WHITESPACE@52..54 "\n\n"
  STMT@54..324
    ITEM@54..323
      EXPR@54..323
        EXPR_FOR@54..323
          KW_FOR@54..57 "for"
          PAT@57..62
            WHITESPACE@57..58 " "
            PAT_IDENT@58..62
              IDENT@58..62 "item"
          WHITESPACE@62..63 " "
          KW_IN@63..65 "in"
          EXPR@65..70
            WHITESPACE@65..66 " "
            EXPR_IDENT@66..70
              IDENT@66..69 "arr"
              WHITESPACE@69..70 " "
          EXPR_BLOCK@70..323
            PUNCT_BRACE_START@70..71 "{"
            WHITESPACE@71..76 "\n    "
            STMT@76..322
              ITEM@76..322
                EXPR@76..322
                  EXPR_SWITCH@76..321
                    KW_SWITCH@76..82 "switch"
                    EXPR@82..88
                      WHITESPACE@82..83 " "
                      EXPR_IDENT@83..88
                        IDENT@83..87 "item"
                        WHITESPACE@87..88 " "
                    SWITCH_ARM_LIST@88..321
                      PUNCT_BRACE_START@88..89 "{"
                      WHITESPACE@89..98 "\n        "
                      SWITCH_ARM@98..124
                        EXPR@98..101
                          EXPR_LIT@98..100
                            LIT@98..100
                              LIT_INT@98..100 "42"
                          WHITESPACE@100..101 " "
                        PUNCT_ARROW_FAT@101..103 "=>"
                        EXPR@103..124
                          EXPR_CALL@103..124
                            EXPR@103..109
                              WHITESPACE@103..104 " "
                              EXPR_IDENT@104..109
                                IDENT@104..109 "print"
                            ARG_LIST@109..124
                              PUNCT_PAREN_START@109..110 "("
                              EXPR@110..123
                                EXPR_LIT@110..123
                                  LIT@110..123
                                    LIT_STR@110..123 "\"The Answer!\""
                              PUNCT_PAREN_END@123..124 ")"
                      PUNCT_COMMA@124..125 ","
                      WHITESPACE@125..134 "\n        "
                      SWITCH_ARM@134..179
                        EXPR@134..142
                          EXPR_LIT@134..141
                            LIT@134..141
                              LIT_FLOAT@134..141 "123.456"
                          WHITESPACE@141..142 " "
                        PUNCT_ARROW_FAT@142..144 "=>"
                        EXPR@144..179
                          EXPR_CALL@144..179
                            EXPR@144..150
                              WHITESPACE@144..145 " "
                              EXPR_IDENT@145..150
                                IDENT@145..150 "print"
                            ARG_LIST@150..179
                              PUNCT_PAREN_START@150..151 "("
                              EXPR@151..178
                                EXPR_LIT@151..178
                                  LIT@151..178
                                    LIT_STR@151..178 "`Floating point... ${ ..."
                              PUNCT_PAREN_END@178..179 ")"
                      PUNCT_COMMA@179..180 ","
                      WHITESPACE@180..189 "\n        "
                      SWITCH_ARM@189..223
                        EXPR@189..197
                          EXPR_LIT@189..196
                            LIT@189..196
                              LIT_STR@189..196 "\"hello\""
                          WHITESPACE@196..197 " "
                        PUNCT_ARROW_FAT@197..199 "=>"
                        EXPR@199..223
                          EXPR_CALL@199..223
                            EXPR@199..205
                              WHITESPACE@199..200 " "
                              EXPR_IDENT@200..205
                                IDENT@200..205 "print"
                            ARG_LIST@205..223
                              PUNCT_PAREN_START@205..206 "("
                              EXPR@206..222
                                EXPR_LIT@206..222
                                  LIT@206..222
                                    LIT_STR@206..222 "`${item} world!`"
                              PUNCT_PAREN_END@222..223 ")"
                      PUNCT_COMMA@223..224 ","
                      WHITESPACE@224..233 "\n        "
                      SWITCH_ARM@233..266
                        EXPR@233..237
                          EXPR_LIT@233..236
                            LIT@233..236
                              LIT_INT@233..236 "999"
                          WHITESPACE@236..237 " "
                        PUNCT_ARROW_FAT@237..239 "=>"
                        EXPR@239..266
                          EXPR_CALL@239..266
                            EXPR@239..245
                              WHITESPACE@239..240 " "
                              EXPR_IDENT@240..245
                                IDENT@240..245 "print"
                            ARG_LIST@245..266
                              PUNCT_PAREN_START@245..246 "("
                              EXPR@246..265
                                EXPR_LIT@246..265
                                  LIT@246..265
                                    LIT_STR@246..265 "`A number: ${item}`"
                              PUNCT_PAREN_END@265..266 ")"
                      PUNCT_COMMA@266..267 ","
                      WHITESPACE@267..276 "\n        "
                      SWITCH_ARM@276..320
                        EXPR@276..278
                          EXPR_LIT@276..277
                            LIT@276..277
                              LIT_INT@276..277 "_"
                          WHITESPACE@277..278 " "
                        PUNCT_ARROW_FAT@278..280 "=>"
                        EXPR@280..320
                          EXPR_CALL@280..315
                            EXPR@280..286
                              WHITESPACE@280..281 " "
                              EXPR_IDENT@281..286
                                IDENT@281..286 "print"
                            ARG_LIST@286..315
                              PUNCT_PAREN_START@286..287 "("
                              EXPR@287..314
                                EXPR_LIT@287..314
                                  LIT@287..314
                                    LIT_STR@287..314 "`Something else: <${i ..."
                              PUNCT_PAREN_END@314..315 ")"
                          WHITESPACE@315..320 "\n    "
                      PUNCT_BRACE_END@320..321 "}"
                  WHITESPACE@321..322 "\n"
            PUNCT_BRACE_END@322..323 "}"
    WHITESPACE@323..324 "\n"

