---
source: crates/rhai-fmt/tests/fmt.rs
expression: formatted
---
// This script contains a single assignment statement.

let x = 78;
print(`x should be 78: ${x}`);

