---
source: crates/rowan/tests/smoke.rs
assertion_line: 38
expression: "format!(\"{:#?}\", parse.into_syntax())"
---
RHAI@0..31
  STMT@0..14
    ITEM@0..13
      EXPR@0..13
        EXPR_LET@0..13
          KW_LET@0..3 "let"
          WHITESPACE@3..4 " "
          IDENT@4..7 "val"
          WHITESPACE@7..8 " "
          OP_ASSIGN@8..9 "="
          EXPR@9..13
            WHITESPACE@9..10 " "
            EXPR_LIT@10..13
              LIT@10..13
                LIT_CHAR@10..13 "'a'"
    PUNCT_SEMI@13..14 ";"
  WHITESPACE@14..15 "\n"
  STMT@15..30
    ITEM@15..29
      EXPR@15..29
        EXPR_LET@15..29
          KW_LET@15..18 "let"
          WHITESPACE@18..19 " "
          IDENT@19..22 "val"
          WHITESPACE@22..23 " "
          OP_ASSIGN@23..24 "="
          EXPR@24..29
            WHITESPACE@24..25 " "
            EXPR_LIT@25..29
              LIT@25..29
                LIT_CHAR@25..29 "'\\n'"
    PUNCT_SEMI@29..30 ";"
  WHITESPACE@30..31 "\n"

